// Jest Snapshot v1, https://goo.gl/fbAQLP

exports[`Gift HTML (static) renders it correctly 1`] = `
ShallowWrapper {
  "length": 1,
  Symbol(enzyme.__root__): [Circular],
  Symbol(enzyme.__unrendered__): <GIFT
    removeClick={[Function]}
    value={
        Object {
            "id": 1,
          }
    }
/>,
  Symbol(enzyme.__renderer__): Object {
    "batchedUpdates": [Function],
    "getNode": [Function],
    "render": [Function],
    "simulateEvent": [Function],
    "unmount": [Function],
  },
  Symbol(enzyme.__node__): Object {
    "instance": null,
    "key": null,
    "nodeType": "host",
    "props": Object {
      "children": <Form
        as="form"
>
        <FormField>
                <label>
                        Person
                </label>
                <Input
                        className="person-input"
                        onChange={[Function]}
                        placeholder="person"
                        type="text"
                        value=""
                />
        </FormField>
        <FormField>
                <label>
                        Present
                </label>
                <Input
                        className="present-input"
                        onChange={[Function]}
                        placeholder="present"
                        type="text"
                        value=""
                />
        </FormField>
        <Icon
                as="i"
                className="remove-btn"
                name="remove"
                onClick={[Function]}
        />
</Form>,
      "className": "GIFT",
    },
    "ref": null,
    "rendered": Object {
      "instance": null,
      "key": null,
      "nodeType": "class",
      "props": Object {
        "as": "form",
        "children": Array [
          <FormField>
            <label>
                        Person
            </label>
            <Input
                        className="person-input"
                        onChange={[Function]}
                        placeholder="person"
                        type="text"
                        value=""
            />
</FormField>,
          <FormField>
            <label>
                        Present
            </label>
            <Input
                        className="present-input"
                        onChange={[Function]}
                        placeholder="present"
                        type="text"
                        value=""
            />
</FormField>,
          <Icon
            as="i"
            className="remove-btn"
            name="remove"
            onClick={[Function]}
/>,
        ],
      },
      "ref": null,
      "rendered": Array [
        Object {
          "instance": null,
          "key": null,
          "nodeType": "function",
          "props": Object {
            "children": Array [
              <label>
                Person
</label>,
              <Input
                className="person-input"
                onChange={[Function]}
                placeholder="person"
                type="text"
                value=""
/>,
            ],
          },
          "ref": null,
          "rendered": Array [
            Object {
              "instance": null,
              "key": null,
              "nodeType": "host",
              "props": Object {
                "children": "Person",
              },
              "ref": null,
              "rendered": "Person",
              "type": "label",
            },
            Object {
              "instance": null,
              "key": null,
              "nodeType": "class",
              "props": Object {
                "className": "person-input",
                "onChange": [Function],
                "placeholder": "person",
                "type": "text",
                "value": "",
              },
              "ref": null,
              "rendered": null,
              "type": [Function],
            },
          ],
          "type": [Function],
        },
        Object {
          "instance": null,
          "key": null,
          "nodeType": "function",
          "props": Object {
            "children": Array [
              <label>
                Present
</label>,
              <Input
                className="present-input"
                onChange={[Function]}
                placeholder="present"
                type="text"
                value=""
/>,
            ],
          },
          "ref": null,
          "rendered": Array [
            Object {
              "instance": null,
              "key": null,
              "nodeType": "host",
              "props": Object {
                "children": "Present",
              },
              "ref": null,
              "rendered": "Present",
              "type": "label",
            },
            Object {
              "instance": null,
              "key": null,
              "nodeType": "class",
              "props": Object {
                "className": "present-input",
                "onChange": [Function],
                "placeholder": "present",
                "type": "text",
                "value": "",
              },
              "ref": null,
              "rendered": null,
              "type": [Function],
            },
          ],
          "type": [Function],
        },
        Object {
          "instance": null,
          "key": null,
          "nodeType": "class",
          "props": Object {
            "as": "i",
            "className": "remove-btn",
            "name": "remove",
            "onClick": [Function],
          },
          "ref": null,
          "rendered": null,
          "type": [Function],
        },
      ],
      "type": [Function],
    },
    "type": "div",
  },
  Symbol(enzyme.__nodes__): Array [
    Object {
      "instance": null,
      "key": null,
      "nodeType": "host",
      "props": Object {
        "children": <Form
          as="form"
>
          <FormField>
                    <label>
                              Person
                    </label>
                    <Input
                              className="person-input"
                              onChange={[Function]}
                              placeholder="person"
                              type="text"
                              value=""
                    />
          </FormField>
          <FormField>
                    <label>
                              Present
                    </label>
                    <Input
                              className="present-input"
                              onChange={[Function]}
                              placeholder="present"
                              type="text"
                              value=""
                    />
          </FormField>
          <Icon
                    as="i"
                    className="remove-btn"
                    name="remove"
                    onClick={[Function]}
          />
</Form>,
        "className": "GIFT",
      },
      "ref": null,
      "rendered": Object {
        "instance": null,
        "key": null,
        "nodeType": "class",
        "props": Object {
          "as": "form",
          "children": Array [
            <FormField>
              <label>
                            Person
              </label>
              <Input
                            className="person-input"
                            onChange={[Function]}
                            placeholder="person"
                            type="text"
                            value=""
              />
</FormField>,
            <FormField>
              <label>
                            Present
              </label>
              <Input
                            className="present-input"
                            onChange={[Function]}
                            placeholder="present"
                            type="text"
                            value=""
              />
</FormField>,
            <Icon
              as="i"
              className="remove-btn"
              name="remove"
              onClick={[Function]}
/>,
          ],
        },
        "ref": null,
        "rendered": Array [
          Object {
            "instance": null,
            "key": null,
            "nodeType": "function",
            "props": Object {
              "children": Array [
                <label>
                  Person
</label>,
                <Input
                  className="person-input"
                  onChange={[Function]}
                  placeholder="person"
                  type="text"
                  value=""
/>,
              ],
            },
            "ref": null,
            "rendered": Array [
              Object {
                "instance": null,
                "key": null,
                "nodeType": "host",
                "props": Object {
                  "children": "Person",
                },
                "ref": null,
                "rendered": "Person",
                "type": "label",
              },
              Object {
                "instance": null,
                "key": null,
                "nodeType": "class",
                "props": Object {
                  "className": "person-input",
                  "onChange": [Function],
                  "placeholder": "person",
                  "type": "text",
                  "value": "",
                },
                "ref": null,
                "rendered": null,
                "type": [Function],
              },
            ],
            "type": [Function],
          },
          Object {
            "instance": null,
            "key": null,
            "nodeType": "function",
            "props": Object {
              "children": Array [
                <label>
                  Present
</label>,
                <Input
                  className="present-input"
                  onChange={[Function]}
                  placeholder="present"
                  type="text"
                  value=""
/>,
              ],
            },
            "ref": null,
            "rendered": Array [
              Object {
                "instance": null,
                "key": null,
                "nodeType": "host",
                "props": Object {
                  "children": "Present",
                },
                "ref": null,
                "rendered": "Present",
                "type": "label",
              },
              Object {
                "instance": null,
                "key": null,
                "nodeType": "class",
                "props": Object {
                  "className": "present-input",
                  "onChange": [Function],
                  "placeholder": "present",
                  "type": "text",
                  "value": "",
                },
                "ref": null,
                "rendered": null,
                "type": [Function],
              },
            ],
            "type": [Function],
          },
          Object {
            "instance": null,
            "key": null,
            "nodeType": "class",
            "props": Object {
              "as": "i",
              "className": "remove-btn",
              "name": "remove",
              "onClick": [Function],
            },
            "ref": null,
            "rendered": null,
            "type": [Function],
          },
        ],
        "type": [Function],
      },
      "type": "div",
    },
  ],
  Symbol(enzyme.__options__): Object {
    "adapter": ReactSixteenAdapter {
      "options": Object {
        "enableComponentDidUpdateOnSetState": true,
      },
    },
    "disableLifecycleMethods": true,
  },
}
`;
